<?xml version="1.0" encoding="UTF-8"?><rss version="2.0"
	xmlns:content="http://purl.org/rss/1.0/modules/content/"
	xmlns:wfw="http://wellformedweb.org/CommentAPI/"
	xmlns:dc="http://purl.org/dc/elements/1.1/"
	xmlns:atom="http://www.w3.org/2005/Atom"
	xmlns:sy="http://purl.org/rss/1.0/modules/syndication/"
	xmlns:slash="http://purl.org/rss/1.0/modules/slash/"
	>

<channel>
	<title>Places in Golden, Colorado, United States | VA Review</title>
	<atom:link href="http://www.vareview.net/places/united-states/colorado/golden/feed/" rel="self" type="application/rss+xml" />
	<link>http://www.vareview.net</link>
	<description></description>
	<lastBuildDate>Tue, 02 Aug 2016 15:02:43 +0000</lastBuildDate>
	<language>en-US</language>
	<sy:updatePeriod>hourly</sy:updatePeriod>
	<sy:updateFrequency>1</sy:updateFrequency>
	
	<item>
		<title>Golden Outpatient Clinic</title>
		<link>http://www.vareview.net/places/united-states/colorado/golden/outpatient-clinic/golden-outpatient-clinic/</link>
		<comments>http://www.vareview.net/places/united-states/colorado/golden/outpatient-clinic/golden-outpatient-clinic/#reviews</comments>
		<pubDate>Fri, 22 Jul 2016 15:03:39 +0000</pubDate>
		<dc:creator><![CDATA[Jason W.]]></dc:creator>
		
		<guid isPermaLink="false">http://www.vareview.net/?post_type=gd_place&#038;p=913</guid>
		<description><![CDATA[Features Primary care services for veterans in the Denver Metro, Front Range and Mountain communities. Handicapped Accessible: full and easy access for all veterans with parking spots located near the front entrance to the clinic Personal Care: Highly qualified primary care providers, specialty care referrals to the Denver VA Medical <a href="http://www.vareview.net/places/united-states/colorado/golden/outpatient-clinic/golden-outpatient-clinic/">read more</a>]]></description>
				<content:encoded><![CDATA[<p><strong>Features</strong></p>
<ul>
<li>Primary care services for veterans in the Denver Metro, Front Range and Mountain communities.</li>
<li>Handicapped Accessible: full and easy access for all veterans with parking spots located near the front entrance to the clinic</li>
<li>Personal Care: Highly qualified primary care providers, specialty care referrals to the Denver VA Medical Center.</li>
<li>Laboratory &amp; Radiology services are available at this clinic.</li>
<li>Physical Therapy: A wide range of Physical Therapy services will be offered at the clinic. You <em>must</em> have a Physical Therapy consult from your VA provider to receive therapy.</li>
<li>Other Services available include Nutritional Medicine, Audiology, and Travel Vouchers.</li>
<li>Prescriptions: Routine prescriptions processed through the mail, in the community via Heritage Pharmacy, or <a href="https://www.myhealth.va.gov/index.html">My HealtheVet.</a></li>
<li>Compensation &amp; Pension: This clinic is designed to support this program by having audiology, laboratory and radiological services necessary for these evaluations.</li>
</ul>
<p>The new clinic is a tobacco-free campus which includes e-cigarettes. Please help us make this move to an improved health environment by not using tobacco in any form on the campus, including the parking lot.</p>
<p><strong>Driving Directions</strong></p>
<p>From US-6 W / W 6<sup>th</sup> Ave turn right onto Johnson Road. Follow Johnson Road north to 10<sup>th</sup> Avenue. The Golden VA Clinic will be on the right-hand sign, in the center building of the office complex.</p>
<p><strong>Parking</strong></p>
<ul>
<li>Ample handicap and regular patient parking is provided both in front of the clinic and to the east.</li>
</ul>
<p><strong>Hours</strong></p>
<ul>
<li>Primary Care and Mental Health clinic (Second floor) hours of operation &#8211; Monday through Friday 7:30 am to 4:30 pm.</li>
<li>Compensation and Pension Medical Exam section (First floor) will be open Monday through Friday from 7:00 AM to 7:00 PM, and Saturdays from 7:30 am to 4:30 pm.</li>
<li>Laboratory, Radiology, Physical Therapy, and other ancillary departments will be open from 8:00 AM to 3:30 PM. The clinic will be closed all Federal Holidays.</li>
<li>Please call the clinic at 303-914-2680 for appointments, and the Nurse Information Call Center at 303-399-8020 then option 2 for questions about your medical care. After hours this number will be answered by triage nurses who will review your reported concern/issue and make appropriate referral for healthcare.</li>
</ul>
]]></content:encoded>
			<wfw:commentRss>http://www.vareview.net/places/united-states/colorado/golden/outpatient-clinic/golden-outpatient-clinic/feed/</wfw:commentRss>
		<slash:comments></slash:comments>
		</item>
	</channel>
</rss>
